[  0.0000]Linux versin .15.-4-genri (budd@l01-ad6-001 (cc vrson 73. (Ubtu 73.0-6ubutu)) #5-UuntuMP WedMa 13 :44:2 TC 29 (Uunu 4.5.-47.0-ener 4.1.1)
[  0.00000 Comnd le: BOTIMAG=/boot/vliuz-4..0-4-gneri rot=LABL=loudim-rotfs ro csole=tty1 console=ttyS0
   000000] EREL spprte cus:
   0.0000]  ntelGeuinentl
[   0.0000]   D AuheticA
[   .00000]  Cenau CenauHaul
[   0000000] x86/fpu: Supporting XSAVE feature 0x001: 'x87 floatng pin regiser'
[  0.0000] x6/pu: uportingSAVE fture 0x002: 'SSE registers'
[    0.000000] x86/fpu: Supporting XSAVE feature 0x004: 'AVX registers'
[    0.000000] x86/fpu: xstate_offset[2]:  576, xstate_sizes[2]:  256
[    0.000000] x86/fpu: Enabled xstate features 0x7, contet ize s 32 bys, uin 'stdard frmat
    00000]e820BIOSprvide pysil RAMap:
   0.0000 BOS-e820: mem x000000000000-x000000009bff] sale
   0.0000] BOSe820[mem0x000000009f000x00000000009fff] servd
[  0.00000] BOS-e80:[memx000000000000-x00000000ffff]reserved
[  0.0000] BOSe820 [em 0000000000000-000000003fefff]usabe
[   0.00000 BIO-e20: [mm x0000003ff000-0000000fffff] CP dat
  0.0000] BIS-820:[mm 0x000000fec00000-0x00000000fec00fff] reserved
[    0.000000] BIOS-e820: [mem 0x00000000fee00000-0x00000000fee00fff] reserved
[    0.000000] BIOS-e820: [mem 0x00000000fffc0000-0x00000000ffffffff] reserved
[    0.000000] NX (Execute Disable) protection: active
[    0.000000] SMBOS2.5 esent.
   0.000000DMI: inotk GH ViualBx/irtualx, BOSVirtalox 1/0/200
    00000]Hypeisor detected: KVM
[    0.000000] e820: last_pfn = 0x3fff0 max_arch_pfn = 0x400000000
[    0.000000] MTRR: Disabled
[   000000]x86/PAT: MRs disabed, kiping PT nitiizatontoo.
[   00000] CPU MRR alllank viruaizedystem.
[    .00000 x6/PA: onfiguration [0-7]: WB  WT  UC- UC  WB  WT  UC- UC  
[    0.000000] found SMP MP-table at [mem 0x0009fff0-0x0009ffff] mapped at [        (ptrval)]
[    0.000000] Scanning 1 areas for low memory corruption
[    0.000000] RAMDISK: [mem 0x35adf000-0x36d66fff]
[    0.000000] ACPI: Early table checksum verification disabled
[    0.000000] ACPI: RSDP 0x00000000000E0000 000024 (v02 VBOX  )
[    0.000000] ACPI: XSDT 0x000000003FFF0030 00003C (v01 VBOX   VBOXXSDT 00000001 ASL  00000061)
[    0.000000] ACPI: FACP 0x000000003FFF00F0 0000F4 (v04 VBOX   VBOXFACP 00000001 ASL  00000061)
[    0.000000] ACPI: DSDT 0x000000003FFF0470 0021FF (v02 VBOX   VBOXBIOS 00000002 INTL 20100528)
[    0.000000] ACPI: FACS 0x000000003FFF0200 000040
[    0.000000] ACPI: FACS 0x000000003FFF0200 000040
[    0.000000] ACPI: APIC 0x000000003FFF0240 00005C (v02 VBOX   VBOXAPIC 00000001 ASL  00000061)
[    0.000000] ACPI: SSDT 0x000000003FFF02A0 0001CC (v01 VBOX  VBXCPU 000002 NTL 010528)
[    0.000000] No NUMA configuration found
[    0.000000] Fakin a ndeat [m 0x000000000000-0000000ffefff
[   .00000 NODEDAA(0)alocatd mem 3ffc00-0x3fefff]
[   000000] km-clok: cu , ms 03ff400, priar cpuclck
   0.0000] km-lock Uing rs 4b6401 ad b56400
[  0.0000] km-lock usinsche ofset of 3005053cycls
[  0.0000] clksoure:kvm-clk: msk 0xffffffffffff ax_cycles: 0x1cd42e4dffb, max_idle_ns: 881590591483 ns
[    0.000000] Zone ranges:
[    0.000000]   DMA      [mem x000000000100-x00000000fffff
[   .00000  DM32   [em 00000001000000x000000ffffff
    000000] Noral  emy
[   .00000   Dvie   emty
[   0.0000] ovablezoe strtfor ac nod
    .00000Early emry noderages
[   000000]  ode   : mem 000000000100-0x000000009efff]
[   00000]  node  0 [me 0x000000010000-0x0000003fefff]
[  0.0000] Rseved t unvalable: 4 paes
[   0.0000] nitmm etupnoe 0 me 0x0000000000001000-0x000000003ffeffff]
[    0.000000] ACPI: PM-Timer IO Port: 0x4008
[    0.000000] IOAPIC[0]: apic_id 2, version 32, address 0xfec00000, GSI 0-23
[    0.000000] ACPI: INT_SRC_OVR (bus 0 bus_irq 0 global_irq 2 dfl dfl)
[    0.000000] ACPI: INT_SRC_OVR (bus 0 bus_irq 9 global_irq 9 low level)
[    0.000000] Using ACPI (MADT) for SMP configuration information
[    0.000000] smpboot: Allowing 2 CPUs, 0 hotplug CPUs
[    0.000000] PM: Registered nosave memory: [mem 0x00000000-0x00000fff]
[    0.000000] PM: Registered nosave mory: [m 0x009000-x009ff]
[  0.000000]PM Registered nosave mmoy: [em 0x00a0000-0x0effff]
[   0.0000] PM Rgistred noav memry [me0x000f00-0x0fffff]
[  0.0000] e82 [mem 0x0000000xebffff avaable fr CI dvies
   0.0000]Botingpaavirtalzed rnelonKVM[   0.0000] lockouce: efned-ifies:mak: 0xfffffff max_cycles: 0xffffffff, max_idle_ns: 7645519600211568 ns
[    0.000000] rndom:get_rdom_bytes called frostar_krnel+0x9/04fd with crng_init=0
[  0.0000] set_peru: N_CUS:19 nr_umas_bts:2nrcpu_ds2 nrnoe_id:1
[  0.00000] prcu: Eedde46 pge/cpu@      (trval)s151552r892 d2872u10476
   0.0000] V spinoc hastablentris:256 orer:  4096 btes)
[   000000]uilt1 onelsts, mbiity ropingn.  Toalpage 25791
    0.0000] Pliy zoe:DMA3
[   0000000Kernl omman lneBOOT_IMAE=bootvminuz-415.0-4-gneriroot=LEL=coudimg-rotf r conol=tty cnsol=tyS0
[  0.0000 Mmory98368K10480K avalale (12300K kernel code, 2473K rwdata, 452 rodta 240 ini 241K ss, 452K rerve, K cmreservd)
[  0.0000]SLB: Halgn=64, Orr=0-3,MiObjes=0,CPs=2,odes=1
[   .0000] Kerne/Uer pgetabl isoltin: ebled
[   0.0000] ftac: alloatng 306 eriesin154 paes
[  0.0400] Herrchil RC iplementatin.
   0.0400] 	U resticing Us fomNR_CPUS=81 to nr_cpuds=2.
[  0.0000]Tasks CUenabed
   0.0400] RU:Adjuing eometry forrc_fanutleaf=1, r_cp_is=2[   .0040] N_IQS: 2444, _irq 440 peallcaed iqs 16[   0.04000]Cosole colou VA+ 8025
[    0.0400] nsol [ty1]enbled
[   0.0400 conol [ttS0 enale
[  0.0400] ACPI: Cre revison 201081
[  0.0400] ACI:2 ACI AM table sucesfuly cquire ad lode
[    0.004000] APIC: Switch to symmetric I/O mode setup
[    0.004292] x2apic enabled
[    0.004935] Switched APIC routing to physical x2apic.
[    0.006684] ..TIMER: vector=0x30 apic1=0 pin1=2 apic2=-1 pin2=-1
[    0.008002] tsc: Detected 2712.000 MHz processor
[    0.008643] Calibrating delay loop (skipped) preset value.. 5424.00 BogoMIPS (lpj=10848000)
[    0.009133] pid_max: default: 32768 minimum: 301
[    0.009806] Security Framework initialized
[    0.010392] Yama: becoming mindful.
[    0.012028] AppArmor: AppArmor initialized
[    0.013279] Dentry cache hash table entries: 131072 (order: 8, 1048576 bytes)
[    0.016069] Inode-cache hash table entries: 65536 (order: 7, 524288 bytes)
[    0.020025] Mount-cache hash table entries: 2048 (order: 2, 16384 bytes)
[    0.024014] Mountpoint-cache hash table entries: 2048 (order: 2, 16384 bytes)
[    0.028222] mce: CPU supports 0 MCE banks
[    0.032022] Last level iTLB entries: 4KB 64, 2MB 8, 4MB 8
[    0.036006] Last level dTLB entries: 4KB 64, 2MB 0, 4MB 0, 1GB 4
[    0.040004] Spectre V2 : Mitigation: Full generic retpoline
[    0.044005] Spectre V2 : Spectre v2 / SpectreRSB mitigation: Filling RSB on context switch
[    0.048005] Speculative Store Bypass: Vulnerable
[    0.048743] Freeing SMP alternatives memory: 36K
[  0.056000] smpboot: CPU0: Intel(R) Core(TM) i5-7200U CPU @ 2.50GHz (family: 0x6, model: 0x8e, stepping: 0x9)
[    0.056084] Performance Events: unsupported p6 CPU model 142 no PMU driver, software events only.
[    0.060062] Hierarchical SRCU implementation.
[    0.064585] NMI watchdog: Perf event create on CPU 0 failed with -2
[    0.068005] NMI watchdog: Perf NMI watchdog permanently disabled
[    0.072062] smp: Bringing up secondary CPUs ...
[    0.076129] x86: Booting SMP configuration:
[    0.080006] .... node  #0, CPUs:      #1
[    0.004000] kvm-clock: cpu 1, msr 0:3ff44041, secondary cpu clock
[    0.004000] mce: CPU supports 0 MCE banks
[    0.144024] smp: Brought up 1 node, 2 CPUs
[    0.148009] smpboot: Max logical packages: 1
[    0.152007] smpboot: Total of 2 processors activated (10848.00 BogoMIPS)
[    0.156123] devtmpfs: initialized
[    0.160055] x86/mm: Memory block size: 128MB
[    0.160792] evm: security.selinux
[    0.161285] evm: security.SMACK64
[    0.164002] evm: security.SMACK64EXEC
[    0.164538] evm: security.SMACK64TRANSMUTE
[    0.165126] evm: security.SMACK64MMAP
[    0.165653] evm: security.apparmor
[    0.166154] evm: security.ima
[    0.168002] evm: security.capability
[    0.172075] clocksource: jiffies: mask: 0xffffffff max_cycles: 0xffffffff, max_idle_ns: 7645041785100000 ns
[    0.176013] futex hash table entries: 512 (order: 3, 32768 bytes)
[    0.180067] pinctrl core: initialized pinctrl subsystem
[    0.184696] RTC time:  9:43:22, date: 04/07/19
[    0.188236] NET: Registered protocol family 16
[    0.192083] audit: initializing netlink subsys (disabled)
[    0.196041] audit: type=2000 audit(1554630177.097:1): state=initialized audit_enabled=0 res=1
[    0.200005] cpuidle: using governor ladder
[    0.204013] cpuidle: using governor menu
[    0.208047] ACPI: bus type PCI registered
[    0.212006] acpiphp: ACPI Hot Plug PCI Controller Driver version: 0.5
[    0.216108] PCI: Using configuration type 1 for base access
[    0.220968] HugeTLB registered 2.00 MiB page size, pre-allocated 0 pages
[    0.224094] ACPI: Added _OSI(Module Device)
[    0.228005] ACPI: Added _OSI(Processor Device)
[    0.232005] ACPI: Added _OSI(3.0 _SCP Extensions)
[    0.236005] ACPI: Added _OSI(Processor Aggregator Device)
[    0.240006] ACPI: Added _OSI(Linux-Dell-Video)
[    0.244008] ACPI: Added _OSI(Linux-Lenovo-NV-HDMI-Audio)
[    0.248007] ACPI: Added _OSI(Linux-HPI-Hybrid-Graphics)
[    0.256157] ACPI: Executed 1 blocks of module-level executable AML code
[    0.264390] ACPI: Interpreter enabled
[    0.268023] ACPI: (supports S0 S5)
[    0.272006] ACPI: Using IOAPIC for interrupt routing
[    0.276276] PCI: Using host bridge windows from ACPI; if necessary, use "pci=nocrs" and report a bug
[    0.280195] ACPI: Enabled 2 GPEs in block 00 to 07
[    0.293983] ACPI: PCI Root Bridge [PCI0] (domain 0000 [bus 00-ff])
[    0.296015] acpi PNP0A03:00: _OSC: OS supports [ASPM ClockPM Segments MSI]
[    0.300046] acpi PNP0A03:00: _OSC: not requesting OS control; OS requires [ExtendedConfig ASPM ClockPM MSI]
[    0.304022] acpi PNP0A03:00: fail to add MMCONFIG information, can't access extended PCI configuration space under this bridge.
[    0.308348] PCI host bridge to bus 0000:00
[    0.312008] pci_bus 0000:00: root bus resource [io  0x0000-0x0cf7 window]
[    0.316009] pci_bus 0000:00: root bus resource [io  0x0d00-0xffff window]
[    0.320009] pci_bus 0000:00: root bus resource [mem 0x000a0000-0x000bffff window]
[    0.324009] pci_bus 0000:00: root bus resource [mem 0x40000000-0xfdffffff window]
[    0.328009] pci_bus 0000:00: root bus resource [bus 00-ff]
[    0.333972] pci 0000:00:01.1: legacy IDE quirk: reg 0x10: [io  0x01f0-0x01f7]
[    0.336007] pci 0000:00:01.1: legacy IDE quirk: reg 0x14: [io  0x03f6]
[    0.340020] pci 0000:00:01.1: legacy IDE quirk: reg 0x18: [io  0x0170-0x0177]
[    0.344010] pci 0000:00:01.1: legacy IDE quirk: reg 0x1c: [io  0x0376]
[    0.366723] pci 0000:00:07.0: quirk: [io  0x4000-0x403f] claimed by PIIX4 ACPI
[    0.368022] pci 0000:00:07.0: quirk: [io  0x4100-0x410f] claimed by PIIX4 SMB
[    0.385945] ACPI: PCI Interrupt Link [LNKA] (IRQs 5 9 10 *11)
[    0.392078] ACPI: PCI Interrupt Link [LNKB] (IRQs 5 9 *10 11)
[    0.396153] ACPI: PCI Interrupt Link [LNKC] (IRQs 5 *9 10 11)
[    0.400145] ACPI: PCI Interrupt Link [LNKD] (IRQs 5 9 10 *11)
[    0.404298] SCSI subsystem initialized
[    0.408049] pci 0000:00:02.0: vgaarb: setting as boot VGA device
[    0.412000] pci 0000:00:02.0: vgaarb: VGA deviceeadded: decodes=io+mem,owns=io+mem,locks=none
[    0.412009] pci 0000:00:02.0: vgaarb: bridge control possible
[    0.416006] vgaarb: loaded
[    0.420046] ACPI: bus type USB registered
[    0.424036] usbcore: registered new interface driver usbfs
[    0.428031] usbcore: registered new interface driver hub
[    0.432040] usbcore: registered new device driver usb
[    0.436085] EDAC MC: Ver: 3.0.0
[    0.440245] PCI: Using ACPI for IRQ routing
[    0.444262] NetLabel: Initializing
[    0.448004] NetLabel:  domain hash size = 128
[    0.452005] NetLabel:  protocols = UNLABELED CIPSOv4 CALIPSO
[    0.456029] NetLabel:  unlabeled traffic allowed by default
[    0.464076] clocksource: Switched to clocksource kvm-clock
[   .574 V: skuos uo6.0
[    1.042 VS:Dqt-chha tlenties: 52 rd 040 bes
[  1312]ppmo AArr leysm naed[   2.3603] p:nPCPin
  2.48] p:PnAC: un3 vis
[  3375]lockoue:cppmma: ffffaxycs:xfff maxid_n 25702 ns
[   3868 NET Risreproc fil2
[   4.93] P talishd shab eri: 92(oer:  636yt)
[  .711 T bd shab eri: 92orr:, 10 bytes)
[   6.862]CPHa tlecoigedesblhe81 bd 92

[    72741UDha tble entries: 512 (order: 2, 16384 bytes)
[   .593 U-Le shab eri: 2 rdr: 2, 1684yt)  8.69] T: Reisred protocol family 1
[   5991 p 00::00:imindict PI/PCI rafe
  9.03] i 00:001: tiatngSAMAanwoarnd

[   100376 p 00::00:id dicwih shdod M  [m 0x000c0000-0x000dffff]

[   10.733101]Unacngniam..

[   11.268072] Freeing initrd memory: 18976K
[   11.373148] platform rtc_cmos: registered platform RTC device (no PNP device found)
[   11.581322] Scanning for low memory corruption every 60 seconds
[   11.717267] Initialise system trusted keyrings
[   11.798493] Key type blacklist registered
[   11.806963] workingset: timestamp_bits=36 max_order=18 bucket_order=0
[   11.879914] zbud: loaded
[   11.921610] squashfs: version 4.0 (2009/01/31) Phillip Lougher
[   11.928673] fuse init (API version 7.26)
[   11.980499] Key type asymmetric registered
[   12.060757] Asymmetric key parser 'x509' registered
[   12.111819] Block layer SCSI generic (bsg) driver version 0.4 loaded (major 246)
[   12.208322] io scheduler noop registered
[   12.278576] io scheduler deadline registered
[   12.348378] io scheduler cfq registered (default)
[   12.427763] tsc: Refined TSC clocksource calibration: 2712.386 MHz
[   12.519065] clocksource: tsc: mask: 0xffffffffffffffff max_cycles: 0x2718f31e313, max_idle_ns: 440795344956 ns
[   12.783480] ACPI: AC Adapter [AC] (on-line)
[   12.787621] input: Power Button as /devices/LNXSYSTM:00/LNXPWRBN:00/input/input0
[   12.788682] ACPI: Power Button [PWRF]
[   12.793138] input: Sleep Button as /devices/LNXSYSTM:00/LNXSLPBN:00/input/input1
[   12.794206] ACPI: Sleep Button [SLPF]
[   12.794994] Serial: 8250/16550 driver, 32 ports, IRQ sharing enabled
[   12.795657] ACPI: Battery Slot [BAT0] (battery present)
[   12.821043] 00:02: ttyS0 at I/O 0x3f8 (irq = 4, base_baud = 115200) is a 16550A
[   12.825560] Linux agpgart interface v0.103
[   12.830384] loop: module loaded
[   12.832761] scsi host0: ata_piix
[   12.863591] scsi host1: ata_piix
[   12.869624] ata1: PATA max UDMA/33 cmd 0x1f0 ctl 0x3f6 bmdma 0xd000 irq 14
[   12.872363] ata2: PATA max UDMA/33 cmd 0x170 ctl 0x376 bmdma 0xd008 irq 15
[   12.891461] libphy: Fixed MDIO Bus: probed
[   12.933090] tun: Universal TUN/TAP device driver, 1.6
[   13.115691] PPP generic driver version 2.4.2
[   13.285598] ehci_hcd: USB 2.0 'Enhanced' Host Controller (EHCI) Driver
[   13.288275] ehci-pci: EHCI PCI platform driver
[   13.315856] ehci-platform: EHCI generic platform driver
[   13.533117] ohci_hcd: USB 1.1 'Open' Host Controller (OHCI) Driver
[   13.743519] ohci-pci: OHCI PCI platform driver
[   13.898768] ohci-platform: OHCI generic platform driver
[   13.951358] uhci_hcd: USB Universal Host Controller Interface driver
[   13.973166] i8042: PNP: PS/2 Controller [PNP0303:PS2K,PNP0f03:PS2M] at 0x60,0x64 irq 1,12
[   14.180137] serio: i8042 KBD port at 0x60,0x64 irq 1
[   14.332480] serio: i8042 AUX port at 0x60,0x64 irq 12
[   14.410317] mousedev: PS/2 mouse device common for all mice
[   14.419152] input: AT Translated Set 2 keyboard as /devices/platform/i8042/serio0/input/input2
[   14.647966] rtc_cmos rtc_cmos: rtc core: registered rtc_cmos as rtc0
[   14.709] c_ostcmo armupo e y,14yt nam
[  15299i2/d etrie dve
[ 15191] pcie_mp2_amd: AMD(R) PCI-E MP2 Communication Driver Version: 1.0
[   16.57707] devcemappr:evt:eron.0
[   16.440748] device-mapper: ioctl: 4.37.0-ioctl (2017-09-20) initialised: dm-devel@redhat.com
[   16.581122] ledtrig-cpu: registered to indicate activity on CPUs
[   16.762075] NET: Registered protocol family 10
[   16.858058] Segment Routing with IPv6
[   16.946822] NET: Registered protocol family 17
[   17.047089] Key type dns_resolver registered
[   17.115073] RAS: Correctable Errors collector initialized.
[   17.15715scd_oc Mki sable (1717016 0>(42133,346055
[ 18234]egistered taskstats version 1
[   18.211038] Loading compiled-in X.509 certfiat
[   18.310073] Loaded X.509 cert 'Build time autogenerateddkernel key: 7211859d1298c08a101905a3cb814e8c7b4bf4a4'
[   18.525967] zswap: loaded using pool lzo/zbud
[   18.603115] Key type big_key registered
[   18.656392] Key type trusted registered
[   18.659256] Key type encrypted registered
[   18.725048] AppArmor: AppArmor sha1 policy hashing enabled
[   18.800605] ima: No TPM chip found, activating TPM-bypass! (rc=-19)
[   18.902715] ima: Allocated hash algorithm: sha1
[   18.972312] evm: HMAC attrs: 0x1
[   19.028437]   Magic number: 15:150:727
[   19.099906] block loop7: hash matches
[   19.125956] rtc_cmos rtc_cmos: setting system clock to 2019-04-07 09:43:45 UTC (1554630225)
[   19.140722] BIOS EDD facility v0.16 2004-Jun-25, 0 devices found
[   19.152963] EDD information not available.
[   19.164663] Freeing unused kernel memory: 2408K
[   19.201749] Write protecting the kernel read-only data: 20480k
[   19.204422] Freeing unused kernel memory: 2008K
[   19.214704] Freeing unused kernel memory: 1892K
[   19.231039] x86/mm: Checked W+X mappings: passed, no W+X pages found.
[   20.524612] x86/mm: Checking user space page tables
[   20.536301] x86/mm: Checked W+X mappings: passed, no W+X pages found.
Loading, please wait...
starting version 237
[   22.027833] e1000: Intel(R) PRO/1000 Network Driver - version 7.3.21-k8-NAPI
[   22.061331] e1000: Copyright (c) 1999-2006 Intel Corporation.
[   22.121750] Fusion MPT base driver 3.04.20
[   22.172341] Copyright (c) 1999-2008 LSI Corporation
[   22.196841] AVX2 version of gcm_enc/dec engaged.
[   22.238147] AES CTR mode by8 optimization enabled
[   22.257618] Fusion MPT SPI Host driver 3.04.20
[   22.460352] input: ImExPS/2 Generic Explorer Mouse as /devices/platform/i8042/serio1/input/input4
[   22.586848] e1000 0000:00:03.0 eth0: (PCI:33MHz:32-bit) 02:1e:30:9c:a3:c0
[   23.126373] e1000 0000:00:03.0 eth0: Intel(R) PRO/1000 Network Connection
[   23.837758] e1000 0000:00:08.0 eth1: (PCI:33MHz:32-bit) 08:00:27:a5:fe:4c
[   24.151757] e1000 0000:00:08.0 eth1: Intel(R) PRO/1000 Network Connection
[   24.272515] e1000 0000:00:03.0 enp0s3: renamed from eth0
[   24.361288] mptbase: ioc0: Initiating bringup
[   24.412599] e1000 0000:00:08.0 enp0s8: renamed from eth1
[   24.506512] ioc0: LSI53C1030 A0: Capabilities={Initiator}
[   26.136984] scsi host2: ioc0: LSI53C1030 A0, FwRev=00000000h, Ports=1, MaxQ=256, IRQ=20
[   26.783651] scsi 2:0:0:0: Direct-Access     VBOX     HARDDISK         1.0  PQ: 0 ANSI: 5
[   26.844598] scsi target2:0:0: Beginning Domain Validation
[   26.858597] scsi target2:0:0: Domain Validation skipping write tests
[   26.891966] scsi target2:0:0: Ending Domain Validation
[   26.894461] scsi target2:0:0: asynchronous
[   26.926953] scsi 2:0:1:0: Direct-Access     VBOX     HARDDISK         1.0  PQ: 0 ANSI: 5
[   26.960751] scsi target2:0:1: Beginning Domain Validation
[   27.134524] random: fast init done
[   27.213644] scsi target2:0:1: Domain Validation skipping write tests
[   27.216335] scsi target2:0:1: Ending Domain Validation
[   27.219109] scsi target2:0:1: asynchronous
[   27.223617] random: systemd-udevd: uninitialized urandom read (16 bytes read)
[   27.367849] sd 2:0:0:0: Attached scsi generic sg0 type 0
[   27.368065] sd 2:0:0:0: [sda] 20971520 512-byte logical blocks: (10.7 GB/10.0 GiB)
[   27.368105] sd 2:0:0:0: [sda] Write Protect is off
[   27.368175] sd 2:0:0:0: [sda] Incomplete mode parameter data
[   27.368176] sd 2:0:0:0: [sda] Assuming drive cache: write through
[   27.376406]  sda: sda1
[   27.376637] random: systemd-udevd: uninitialized urandom read (16 bytes read)
[   27.376642] random: systemd-udevd: uninitialized urandom read (16 bytes read)
[   27.377441] sd 2:0:0:0: [sda] Attached SCSI disk
[   27.886154] sd 2:0:1:0: Attached scsi generic sg1 type 0
[   27.927368] sd 2:0:1:0: [sdb] 20480 512-byte logical blocks: (10.5 MB/10.0 MiB)
[   28.021479] sd 2:0:1:0: [sdb] Write Protect is off
[   28.051857] sd 2:0:1:0: [sdb] Incomplete mode parameter data
[   28.085962] sd 2:0:1:0: [sdb] Assuming drive cache: write through
[   28.089329] sd 2:0:1:0: [sdb] Attached SCSI disk
Begin: Loading essential drivers ... [   29.620146] raid6: sse2x1   gen() 10227 MB/s
[   29.784100] raid6: sse2x1   xor()  7594 MB/s
[   29.888055] raid6: sse2x2   gen() 13118 MB/s
[   30.052423] raid6: sse2x2   xor()  8871 MB/s
[   30.184413] raid6: sse2x4   gen() 13649 MB/s
[   30.392034] raid6: sse2x4   xor()  9273 MB/s
[   30.536231] raid6: avx2x1   gen() 21172 MB/s
[   30.632426] raid6: avx2x1   xor() 15000 MB/s
[   30.828195] raid6: avx2x2   gen() 25922 MB/s
[   30.880231] raid6: avx2x2   xor() 16161 MB/s
[   31.064231] raid6: avx2x4   gen() 29740 MB/s
[   31.228164] raid6: avx2x4   xor() 14710 MB/s
[   31.383878] raid6: using algorithm avx2x4 gen() 29740 MB/s
[   31.567412] raid6: .... xor() 14710 MB/s, rmw enabled
[   31.749930] raid6: using avx2x2 recovery algorithm
[   31.868191] xor: automatically using best checksumming function   avx       
[   31.978058] async_tx: api initialized (async)
done.
Begin: Running /scripts/init-premount ...[   32.122075] Btrfs loaded, crc32c=crc32c-intel
 done.
Begin: Mounting root file system ... Begin: Running /scr[   32.227511] EXT4-fs (sda1): mounted filesystem with ordered data mode. Opts: (null)
ipts/local-top ... done.
Begin: Running /scripts/local-premount ... Scanning for Btrfs filesystems
done.
Warning: fsck not present, so skipping root file system
done.
Begin: Running /scripts/local-bottom ... done.
Begin: Running /scripts/init-bottom ... done.
[   32.433251] ip_tables: (C) 2000-2006 Netfilter Core Team
[   33.075762] systemd[1]: systemd 237 running in system mode. (+PAM +AUDIT +SELINUX +IMA +APPARMOR +SMACK +SYSVINIT +UTMP +LIBCRYPTSETUP +GCRYPT +GNUTLS +ACL +XZ +LZ4 +SECCOMP +BLKID +ELFUTILS +KMOD -IDN2 +IDN -PCRE2 default-hierarchy=hybrid)
[   33.537426] systemd[1]: Detected virtualization oracle.
[   33.683883] systemd[1]: Detected architecture x86-64.

Welcome to [1mUbuntu 18.04.2 LTS[0m!

[   33.922519] systemd[1]: Set hostname to <ubuntu-bionic>.
[   35.560567] systemd[1]: Set up automount Arbitrary Executable File Formats File System Automount Point.
[[0;32m  OK  [0m] Set up automount Arbitrary Executabâ€¦rmats File System Automount Point.
[   37.638309] systemd[1]: Reached target System Time Synchronized.
[[0;32m  OK  [0m] Reached target System Time Synchronized.
[   39.073722] systemd[1]: Created slice System Slice.
[[0;32m  OK  [0m] Created slice System Slice.
[   40.209061] systemd[1]: Listening on Network Service Netlink Socket.
[[0;32m  OK  [0m] Listening on Network Service Netlink Socket.
[   41.722025] systemd[1]: Created slice system-serial\x2dgetty.slice.
[[0;32m  OK  [0m] Created slice system-serial\x2dgetty.slice.
[   41.864881] systemd[1]: Listening on Syslog Socket.
[[0;32m  OK  [0m] Listening on Syslog Socket.
[   42.008629] systemd[1]: Listening on Journal Socket (/dev/log).
[[0;32m  OK  [0m] Listening on Journal Socket (/dev/log).
[   42.260509] systemd[1]: Started Forward Password Requests to Wall Directory Watch.
[[0;32m  OK  [0m] Started Forward Password Requests to Wall Directory Watch.
[   42.630055] systemd[1]: Created slice User and Session Slice.
[[0;32m  OK  [0m] Created slice User and Session Slice.
[   42.821027] systemd[1]: Listening on udev Control Socket.
[[0;32m  OK  [0m] Listening on udev Control Socket.
[   42.920382] systemd[1]: Reached target Swap.
[[0;32m  OK  [0m] Reached target Swap.
[   43.001424] systemd[1]: Listening on udev Kernel Socket.
[[0;32m  OK  [0m] Listening on udev Kernel Socket.
[[0;32m  OK  [0m] Listening on Journal Socket.
         Mounting Kernel Debug File System...
         Starting Load Kernel Modules...
         Starting Remount Root and Kernel[   43.260803] random: crng init done
[   43.262869] random: 7 urandom warning(s) missed due to ratelimiting
 File Systems...
         Starting udev Coldplug all Devices...
         [   43.280648] Loading iSCSI transport class v2.0-870.
Starting Set the[   43.285381] EXT4-fs (sda1): re-mounted. Opts: (null)
 console keyboard layout...
[[0;32m  OK  [0m] Listening on [   43.305394] iscsi: registered transport (tcp)
/dev/initctl Compatibility Named[   43.507255] iscsi: registered transport (iser)
 Pipe.
         Mounting POSIX Message Queue File System...
[[0;32m  OK  [0m] Listening on Journal Audit Socket.
         Starting Journal Service...
         Mounting Huge Pages File System...
[[0;32m  OK  [0m] Reached target Slices.
[[0;32m  OK  [0m] Listening on LVM2 poll daemon socket.
         Starting Create list of required stâ€¦ce nodes for the current kernel...
         Starting Uncomplicated firewall...
[[0;32m  OK  [0m] Listening on Device-mapper event daemon FIFOs.
[[0;32m  OK  [0m] Listening on LVM2 metadata daemon socket.
[   44.149183] systemd[1]: Starting Monitoring of LVM2 mirrors, snapshots etc. using dmeventd or progress polling...
         Starting Monitoring of LVM2 mirrorsâ€¦ng dmeventd or progress polling...
[   44.437441] systemd[1]: Reached target User and Group Name Lookups.
[[0;32m  OK  [0m] Reached target User and Group Name Lookups.
[   45.736314] systemd[1]: Started Journal Service.
[[0;32m  OK  [0m] Started Journal Service.
[[0;32m  OK  [0m] Mounted Kernel Debug File System.
[[0;32m  OK  [0m] Started Load Kernel Modules.
[[0;32m  OK  [0m] Started Remount Root and Kernel File Systems.
[[0;32m  OK  [0m] Started Set the console keyboard layout.
[[0;32m  OK  [0m] Mounted POSIX Message Queue File System.
[[0;32m  OK  [0m] Mounted Huge Pages File System.
[[0;32m  OK  [0m] Started Create list of required staâ€¦vice nodes for the current kernel.
[[0;32m  OK  [0m] Started Uncomplicated firewall.
[[0;32m  OK  [0m] Started udev Coldplug all Devices.
[[0;32m  OK  [0m] Started LVM2 metadata daemon.
         Starting Create Static Device Nodes in /dev...
         Starting Load/Save Random Seed...
         Starting Initial cloud-init job (pre-networking)...
         Starting Apply Kernel Variables...
         Mounting FUSE Control File System...
         Mounting Kernel Configuration File System...
         Starting Flush Journal to Persistent Storage...
[[0;32m  OK  [0m] Started Monitoring of LVM2 mirrors,â€¦sing dmeventd or progress polling.
[[0;32m  OK  [0m] Started Create Static Device Nodes in /dev.
[[0;32m  OK  [0m] Started Load/Save Random Seed.
[[0;32m  OK  [0m] Started Apply Kernel Variables.
[[0;32m  OK  [0m] Mounted FUSE Control File System.
[[0;32m  OK  [0m] Mounted Kernel Configuration File System.
         Starting udev Kernel Device Manager...
[[0;32m  OK  [0m] Reached target Local File Systems (Pre).
[[0;32m  OK  [0m] Reached target Local File Systems.
         Starting Tell Plymouth To Write Out Runtime Data...
         Starting Set console font and keymap...
         Starting ebtables ruleset management...
         Starting AppArmor initialization...
[[0;32m  OK  [0m] Started udev Kernel Device Manager.
[[0;32m  OK  [0m] Started Tell Plymouth To Write Out Runtime Data.
[[0;32m  OK  [0m] Started Set console font and keymap.
[[0;32m  OK  [0m] Started Dispatch Password Requests to Console Directory Watch.
[[0;32m  OK  [0m] Reached target Local Encrypted Volumes.
[[0;32m  OK  [0m] Found device /dev/ttyS0.
[[0;32m  OK  [0m] Started Flush Journal to Persistent Storage.
         Starting Create Volatile Files and Directories...
[[0;32m  OK  [0m] Started ebtables ruleset management.
[[0;32m  OK  [0m] Started Create Volatile Files and Directories.
         Starting Update UTMP about System Boot/Shutdown...
[[0;32m  OK  [0m] Listening on Load/Save RF Kill Switch Status /dev/rfkill Watch.
[[0;32m  OK  [0m] Started Update UTMP about System Boot/Shutdown.
[[0;32m  OK  [0m[   49.305955] ] Started AppArmor initialization.cloud-init
[414]: Cloud-init v. 18.5-45-g3554ffe8-0ubuntu1~18.04.1 running 'init-local' at Sun, 07 Apr 2019 09:44:15 +0000. Up 48.98 seconds.
[[0;32m  OK  [0m] Started Initial cloud-init job (pre-networking).
[[0;32m  OK  [0m] Reached target Network (Pre).
         Starting Network Service...
[[0;32m  OK  [0m] Started Network Service.
         Starting Network Name Resolution...
         Starting Wait for Network to be Configured...
[[0;32m  OK  [0m] Started Network Name Resolution.
[[0;32m  OK  [0m] Reached target Network.
[[0;32m  OK  [0m] Reached target Host and Network Name Lookups.
[[0;32m  OK  [0m] Started Wait for Network to be Configured.
         Starting Initial cloud-init job (metadata service crawler)...
[   51.638574] cloud-init[653]: Cloud-init v. 18.5-45-g3554ffe8-0ubuntu1~18.04.1 running 'init' at Sun, 07 Apr 2019 09:44:17 +0000. Up 51.49 seconds.
[   51.658307] cloud-init[653]: ci-info: ++++++++++++++++++++++++++++++++++++++Net device info+++++++++++++++++++++++++++++++++++++++
[   51.740261] cloud-init[653]: ci-info: +--------+------+-----------------------------+---------------+--------+-------------------+
[[0;32m  OK  [0m] Started Initial cloud-init job (metadata service crawler).
[[0;32m  OK  [0m] Reached target System Initialization.
[   51.931913] cloud-init[653]: ci-info: | Device |  Up  |           Address           |      Mask     | Scope  |     Hw-Address    |
[[0;32m  OK  [0m] Started ACPI Events Check.
[[0;32m  OK  [0m[   52.285741] ] cloud-initListening on UUID daemon activation socket.[653]: 
ci-info: +--------+------+-----------------------------+---------------+--------+-------------------+
[[   52.600830] cloud-init[653]: ci-info: | enp0s3 | True |          10.0.2.15          | 255.255.255.0 | global | 02:1e:30:9c:a3:c0 |
[   52.601557] cloud-init[653]: ci-info: | enp0s3 | True |  fe80::1e:30ff:fe9c:a3c0/64 |       .       |  link  | 02:1e:30:9c:a3:c0 |
[0;32m  OK  [0m] Started Discard unused blocks once a week.
[   52.602301] cloud-init[653]: ci-info: | enp0s8 | True |        192.168.33.10        | 255.255.255.0 | global | 08:00:27:a5:fe:4c |
[[0;32m  OK  [0m] Listening on D-Bus System Message Bus Socket.[   52.993958] 
cloud-init[653]: ci-info: | enp0s8 | True | fe80::a00:27ff:fea5:fe4c/64 |       .       |  link  | 08:00:27:a5:fe:4c |
[[   53.212980] cloud-init[653]: ci-info: |   lo   | True |          127.0.0.1          |   255.0.0.0   |  host  |         .         |
[   53.214004] cloud-init[653]: ci-info: |   lo   | True |           ::1/128           |       .       |  host  |         .         |
[0;32m  OK  [0m] Listening on Open-iSCSI iscsid Socket.
[   53.214544] cloud-init[653]: ci-info: +--------+------+-----------------------------+---------------+--------+-------------------+
[[   53.621640] cloud-init[653]: ci-info: +++++++++++++++++++++++++++++Route IPv4 info+++++++++++++++++++++++++++++
[   53.622127] cloud-init[653]: ci-info: +-------+--------------+----------+-----------------+-----------+-------+
[0;32m  OK  [0m] Listening on ACPID Listen Socket.
[   53.622867] cloud-init[653]: ci-info: | Route | Destination  | Gateway  |     Genmask     | Interface | Flags |
         Starting LXD - unix socket.
[[0;32m  OK  [0m] Started Daily apt download activities.
[[0;32m  OK  [0m] Started Daily apt upgrade and clean activities.
[[0;32m  OK  [0m] Started Message of the Day.
[   53.866481] cloud-init[653]: ci-info: +-------+--------------+----------+-----------------+-----------+-------+
[   53.969373] cloud-init[653]: ci-info: |   0   |   0.0.0.0    | 10.0.2.2 |     0.0.0.0     |   enp0s3  |   UG  |
[   54.013162] cloud-init[653]: ci-info: |   1   |   10.0.2.0   | 0.0.0.0  |  255.255.255.0  |   enp0s3  |   U   |
[   54.084752] cloud-init[653]: ci-info: |   2   |   10.0.2.2   | 0.0.0.0  | 255.255.255.255 |   enp0s3  |   UH  |
[[   54.172645] cloud-init[653]: ci-info: |   3   | 192.168.33.0 | 0.0.0.0  |  255.255.255.0  |   enp0s8  |   U   |
[   54.173633] cloud-init[653]: ci-info: +-------+--------------+----------+-----------------+-----------+-------+
[0;32m  OK  [0m] Started Daily Cleanup of Temporary Directories.
[[   54.174404] cloud-init[653]: ci-info: +++++++++++++++++++Route IPv6 info+++++++++++++++++++
[   54.256806] cloud-init[653]: ci-info: +-------+-------------+---------+-----------+-------+
[0;32m  OK  [0m] Reached target Timers.
[   54.256936] cloud-init[653]: ci-info: | Route | Destination | Gateway | Interface | Flags |
         Starting Socket activation for snappy daemon.
[[0;32m  OK  [0m] Reached target Paths.
[[0;32m  OK  [0m] Reached target Network is Online.
[   54.303018] cloud-init[653]: ci-info: +-------+-------------+---------+-----------+-------+
[   54.408951] cloud-init[653]: ci-info: |   1   |  fe80::/64  |    ::   |   enp0s8  |   U   |
[   54.418807] cloud-init[653]: ci-info: |   2   |  fe80::/64  |    ::   |   enp0s3  |   U   |
[   54.423263] cloud-init[653]: ci-info: |   4   |    local    |    ::   |   enp0s3  |   U   |
[   54.449281] cloud-init[653]: ci-info: |   5   |    local    |    ::   |   enp0s8  |   U   |
[   54.538392] cloud-init[653]: ci-info: |   6   |   ff00::/8  |    ::   |   enp0s8  |   U   |
[[0;32m  OK  [0m] Reached target Remote File Systems (Pre).
[[0;32m  OK  [0m] Reached target Remote File Systems.
[   54.573628] cloud-init[653]: ci-info: |   7   |   ff00::/8  |    ::   |   enp0s3  |   U   |
         Starting Availability of block devices...
[[0;32m  OK  [0m] Reached target Cloud-config availability.
[[0;32m  OK  [0m] Listening on LXD - unix socket.
[[0;32m  OK  [0m] Listening on Socket activation for snappy daemon.
[   54.598902] cloud-init[653]: ci-info: +-------+-------------+---------+-----------+-------+
[[0;32m  OK  [0m] Started Availability of block devices.
[[0;32m  OK  [0m] Reached target Sockets.
[[0;32m  OK  [0m] Reached target Basic System.
         Starting Login Service...
         Starting LSB: Record successful boot for GRUB...
         Starting System Logging Service...
[[0;32m  OK  [0m] Started irqbalance daemon.
[[0;32m  OK  [0m] Started FUSE filesystem for LXC.
[[0;32m  OK  [0m] Started Regular background program processing daemon.
[[0;32m  OK  [0m] Started D-Bus System Message Bus.
[[0;32m  OK  [0m] Started Login Service.
[[0;32m  OK  [0m] Started Unattended Upgrades Shutdown.
         Starting LSB: automatic crash report generation...
         Starting vboxadd.service...
         Starting Dispatcher daemon for systemd-networkd...
         Starting Accounts Service...
         Starting OpenBSD Secure Shell server...
         Starting Snappy daemon...
         Starting Permit User Sessions...
[[0;32m  OK  [0m] Started Deferred execution scheduler.
         Starting LXD - container startup/shutdown...
[[0;32m  OK  [0m] Started System Logging Service.
[[0;32m  OK  [0m] Started Permit User Sessions.
[[0;32m  OK  [0m] Started OpenBSD Secure Shell server.
         Starting Authorization Manager...
         Starting Hold until boot process finishes up...
         Starting Terminate Plymouth Boot Screen...
[[0;32m  OK  [0m] Started Hold until boot process finishes up.
         Starting Set console scheme...
[[0;32m  OK  [0m] Started Serial Getty on ttyS0.
[[0;32m  OK  [0m] Started Terminate Plymouth Boot Screen.
[[0;32m  OK  [0m] Started Authorization Manager.
[[0;32m  OK  [0m] Started LSB: Record successful boot for GRUB.
[[0;32m  OK  [0m] Started LSB: automatic crash report generation.
[[0;32m  OK  [0m] Started Set console scheme.
[[0;32m  OK  [0m] Started Snappy daemon.
[[0;32m  OK  [0m] Started Accounts Service.
         Starting Wait until snapd is fully seeded...
[[0;32m  OK  [0m] Created slice system-getty.slice.
[[0;32m  OK  [0m] Started Getty on tty1.
[[0;32m  OK  [0m] Reached target Login Prompts.
[[0;32m  OK  [0m] Started LXD - container startup/shutdown.
[[0;32m  OK  [0m] Started vboxadd.service.
         Starting vboxadd-service.service...
[[0;32m  OK  [0m] Started Wait until snapd is fully seeded.
         Starting Apply the settings specified in cloud-config...
[[0;32m  OK  [0m] Started vboxadd-service.service.
[[0;32m  OK  [0m] Started Dispatcher daemon for systemd-networkd.
[[0;32m  OK  [0m] Reached target Multi-User System.
[[0;32m  OK  [0m] Reached target Graphical Interface.
         Starting Update UTMP about System Runlevel Changes...
[[0;32m  OK  [0m] Started Update UTMP about System Runlevel Changes.
[   56.196370] cloud-init[1117]: Cloud-init v. 18.5-45-g3554ffe8-0ubuntu1~18.04.1 running 'modules:config' at Sun, 07 Apr 2019 09:44:22 +0000. Up 56.09 seconds.
[[0;32m  OK  [0m] Started Apply the settings specified in cloud-config.
         Starting Execute cloud user/final scripts...
[[0;32m  OK  [0m] Created slice User Slice of vagrant.
         Starting User Manager for UID 1000...
[[0;32m  OK  [0m] Started Session 1 of user vagrant.
[[0;32m  OK  [0m] Started User Manager for UID 1000.
[   56.833638] cloud-init[1208]: Cloud-init v. 18.5-45-g3554ffe8-0ubuntu1~18.04.1 running 'modules:final' at Sun, 07 Apr 2019 09:44:23 +0000. Up 56.72 seconds.
[   56.936645] cloud-init[1208]: Cloud-init v. 18.5-45-g3554ffe8-0ubuntu1~18.04.1 finished at Sun, 07 Apr 2019 09:44:23 +0000. Datasource DataSourceNoCloud [seed=/dev/sdb][dsmode=net].  Up 56.82 seconds
[[0;32m  OK  [0m] Started Execute cloud user/final scripts.
[[0;32m  OK  [0m] Reached target Cloud-init target.

Ubuntu 18.04.2 LTS ubuntu-bionic ttyS0

ubuntu-bionic login: 